2026-07-16 23:57:55,109 [INFO] [Companion] Host start requested.
2026-07-16 23:57:56,758 [INFO] ========================================
2026-07-16 23:57:56,759 [INFO]  BRunner Native OS Host Started
2026-07-16 23:57:56,760 [INFO]  Listening on ws://localhost:8999
2026-07-16 23:57:56,761 [INFO] ========================================
2026-07-16 23:57:56,863 [INFO] server listening on 127.0.0.1:8999
2026-07-16 23:57:56,863 [INFO] server listening on [::1]:8999
2026-07-17 00:00:56,558 [INFO] connection open
2026-07-17 00:00:56,559 [INFO] [Network] New connection attempt from 127.0.0.1
2026-07-17 00:00:56,629 [INFO] [Inbound] Command: PROFILE_HELLO | Request ID: 1
2026-07-17 00:00:56,630 [INFO] [Pairing] Profile hello: pairing_required
2026-07-17 00:00:59,263 [INFO] connection closed
2026-07-17 00:00:59,620 [INFO] connection open
2026-07-17 00:00:59,620 [INFO] [Network] New connection attempt from 127.0.0.1
2026-07-17 00:00:59,640 [INFO] [Inbound] Command: PROFILE_HELLO | Request ID: 1
2026-07-17 00:00:59,641 [INFO] [Pairing] Profile hello: pairing_required
2026-07-17 00:01:01,702 [INFO] [Inbound] Command: PROFILE_HELLO | Request ID: 2
2026-07-17 00:01:01,704 [INFO] [Pairing] Profile hello: pairing_required
2026-07-17 00:01:11,770 [INFO] [Companion] Chrome profile paired.
2026-07-17 00:01:11,965 [INFO] [Companion] Managed host restarted to apply pairing changes and close existing connections.
2026-07-17 00:01:13,203 [INFO] ========================================
2026-07-17 00:01:13,204 [INFO]  BRunner Native OS Host Started
2026-07-17 00:01:13,204 [INFO]  Listening on ws://localhost:8999
2026-07-17 00:01:13,205 [INFO] ========================================
2026-07-17 00:01:13,311 [INFO] server listening on [::1]:8999
2026-07-17 00:01:13,312 [INFO] server listening on 127.0.0.1:8999
2026-07-17 00:01:19,162 [INFO] [Companion] Chrome profile paired.
2026-07-17 00:01:21,962 [INFO] [Companion] Profile instance ID copied.
2026-07-17 00:01:23,035 [INFO] connection open
2026-07-17 00:01:23,036 [INFO] [Network] New connection attempt from 127.0.0.1
2026-07-17 00:01:23,040 [INFO] [Inbound] Command: PROFILE_HELLO | Request ID: 3
2026-07-17 00:01:23,161 [INFO] [Pairing] Profile hello: paired
2026-07-17 00:01:23,166 [INFO] [Inbound] Command: PAIR_PROFILE | Request ID: 4
2026-07-17 00:01:23,175 [INFO] [Pairing] Pair request: paired
2026-07-17 00:01:23,179 [INFO] [Inbound] Command: HOST_HELLO | Request ID: 5
2026-07-17 00:01:23,182 [INFO] [Protocol] host.hello returned 23 capabilities
2026-07-17 00:01:23,187 [INFO] [Inbound] Command: LIST_WORKFLOWS | Request ID: 6
2026-07-17 00:01:51,022 [INFO] [Inbound] Command: LIST_WORKFLOWS | Request ID: 7
2026-07-17 00:01:51,042 [INFO] [Inbound] Command: PROFILE_HELLO | Request ID: 8
2026-07-17 00:01:51,048 [INFO] [Pairing] Profile hello: paired
2026-07-17 00:01:51,051 [INFO] [Inbound] Command: HOST_HELLO | Request ID: 9
2026-07-17 00:01:51,055 [INFO] [Protocol] host.hello returned 23 capabilities
2026-07-17 00:01:52,405 [INFO] [Inbound] Command: PROFILE_HELLO | Request ID: 10
2026-07-17 00:01:52,412 [INFO] [Pairing] Profile hello: paired
2026-07-17 00:01:52,414 [INFO] [Inbound] Command: HOST_HELLO | Request ID: 11
2026-07-17 00:01:52,417 [INFO] [Protocol] host.hello returned 23 capabilities
2026-07-17 00:01:52,525 [INFO] [Inbound] Command: LIST_WORKFLOWS | Request ID: 12
2026-07-17 00:01:52,538 [INFO] [Inbound] Command: LOAD_WORKFLOW | Request ID: 13
2026-07-17 00:02:22,554 [INFO] connection closed
2026-07-17 00:15:59,120 [INFO] connection open
2026-07-17 00:15:59,121 [INFO] [Network] New connection attempt from 127.0.0.1
2026-07-17 00:15:59,126 [INFO] [Inbound] Command: PROFILE_HELLO | Request ID: 1
2026-07-17 00:15:59,134 [INFO] [Pairing] Profile hello: paired
2026-07-17 00:15:59,248 [INFO] [Inbound] Command: PROFILE_HELLO | Request ID: 2
2026-07-17 00:15:59,254 [INFO] [Pairing] Profile hello: paired
2026-07-17 00:15:59,257 [INFO] [Inbound] Command: HOST_HELLO | Request ID: 3
2026-07-17 00:15:59,261 [INFO] [Protocol] host.hello returned 23 capabilities
2026-07-17 00:15:59,279 [INFO] [Inbound] Command: LIST_WORKFLOWS | Request ID: 4
2026-07-17 00:15:59,286 [INFO] [Inbound] Command: LIST_APPROVED_DIRECTORIES | Request ID: 5
2026-07-17 00:15:59,291 [INFO] [Inbound] Command: LIST_WORKFLOWS | Request ID: 6
2026-07-17 00:15:59,297 [INFO] [Inbound] Command: LIST_APPROVED_DIRECTORIES | Request ID: 7
2026-07-17 00:15:59,305 [INFO] [Inbound] Command: LOAD_WORKFLOW | Request ID: 8
2026-07-17 00:16:29,323 [INFO] connection closed
2026-07-17 00:22:56,223 [INFO] [Companion] Host start requested.
2026-07-17 00:22:57,282 [INFO] ========================================
2026-07-17 00:22:57,282 [INFO]  BRunner Native OS Host Started
2026-07-17 00:22:57,282 [INFO]  Listening on ws://localhost:8999
2026-07-17 00:22:57,282 [INFO] ========================================
2026-07-17 00:22:57,360 [INFO] server listening on 127.0.0.1:8999
2026-07-17 00:22:57,366 [INFO] server listening on [::1]:8999
2026-07-17 00:23:01,237 [INFO] [Companion] Host start requested; host is already running.
2026-07-17 00:23:06,716 [INFO] connection open
2026-07-17 00:23:06,716 [INFO] [Network] New connection attempt from 127.0.0.1
2026-07-17 00:23:06,716 [INFO] [Inbound] Command: PROFILE_HELLO | Request ID: 1
2026-07-17 00:23:06,716 [INFO] [Pairing] Profile hello: paired
2026-07-17 00:23:06,831 [INFO] [Inbound] Command: PROFILE_HELLO | Request ID: 2
2026-07-17 00:23:06,831 [INFO] [Pairing] Profile hello: paired
2026-07-17 00:23:06,831 [INFO] [Inbound] Command: HOST_HELLO | Request ID: 3
2026-07-17 00:23:06,831 [INFO] [Protocol] host.hello returned 23 capabilities
2026-07-17 00:23:06,847 [INFO] [Inbound] Command: LIST_WORKFLOWS | Request ID: 4
2026-07-17 00:23:06,858 [INFO] [Inbound] Command: LOAD_WORKFLOW | Request ID: 5
2026-07-17 00:23:19,494 [INFO] [Inbound] Command: LOAD_WORKFLOW | Request ID: 6
2026-07-17 00:23:22,487 [INFO] [Inbound] Command: LOAD_WORKFLOW | Request ID: 7
2026-07-17 00:23:38,447 [INFO] [Inbound] Command: LOAD_WORKFLOW | Request ID: 8
2026-07-17 00:23:39,831 [INFO] [Inbound] Command: LOAD_WORKFLOW | Request ID: 9
2026-07-17 00:24:09,848 [INFO] connection closed
2026-07-17 00:36:59,502 [INFO] connection open
2026-07-17 00:36:59,503 [INFO] [Network] New connection attempt from 127.0.0.1
2026-07-17 00:36:59,512 [INFO] [Inbound] Command: PROFILE_HELLO | Request ID: 1
2026-07-17 00:36:59,520 [INFO] [Pairing] Profile hello: paired
2026-07-17 00:38:12,048 [INFO] [Inbound] Command: PROFILE_HELLO | Request ID: 2
2026-07-17 00:38:12,055 [INFO] [Pairing] Profile hello: paired
2026-07-17 00:38:12,057 [INFO] [Inbound] Command: HOST_HELLO | Request ID: 3
2026-07-17 00:38:12,060 [INFO] [Protocol] host.hello returned 23 capabilities
2026-07-17 00:38:12,065 [INFO] [Inbound] Command: LIST_WORKFLOWS | Request ID: 4
2026-07-17 00:38:14,279 [INFO] [Inbound] Command: LIST_WORKFLOWS | Request ID: 5
2026-07-17 00:38:19,423 [INFO] [Inbound] Command: LOAD_WORKFLOW | Request ID: 6
2026-07-17 00:38:24,095 [INFO] [Inbound] Command: WRITE_APPROVED_FILE | Request ID: 7
2026-07-17 00:38:24,265 [INFO] [Directory] Wrote approved file: alias=allowedfiles name=extension-host-roundtrip.txt size=34
2026-07-17 00:38:24,850 [INFO] [Inbound] Command: FIND_APPROVED_FILES | Request ID: 8
2026-07-17 00:38:24,850 [INFO] [Directory] Listed approved files: alias=allowedfiles count=1
2026-07-17 00:39:04,249 [INFO] connection closed
2026-07-17 00:52:15,706 [INFO] connection open
2026-07-17 00:52:15,706 [INFO] [Network] New connection attempt from 127.0.0.1
2026-07-17 00:52:15,717 [INFO] [Inbound] Command: PROFILE_HELLO | Request ID: 1
2026-07-17 00:52:15,722 [INFO] [Pairing] Profile hello: paired
2026-07-17 00:52:15,722 [INFO] [Inbound] Command: LOAD_WORKFLOW | Request ID: 2
2026-07-17 00:52:25,672 [INFO] [Inbound] Command: LOAD_WORKFLOW | Request ID: 3
2026-07-17 00:53:01,090 [INFO] connection closed
2026-07-17 00:53:19,134 [INFO] connection open
2026-07-17 00:53:19,134 [INFO] [Network] New connection attempt from 127.0.0.1
2026-07-17 00:53:19,151 [INFO] [Inbound] Command: PROFILE_HELLO | Request ID: 1
2026-07-17 00:53:19,304 [INFO] [Pairing] Profile hello: paired
2026-07-17 00:53:22,338 [INFO] [Inbound] Command: LOAD_WORKFLOW | Request ID: 2
2026-07-17 00:53:57,521 [INFO] connection closed
2026-07-17 01:12:37,868 [INFO] ========================================
2026-07-17 01:12:37,868 [INFO]  BRunner Native OS Host Started
2026-07-17 01:12:37,868 [INFO]  Listening on ws://localhost:8999
2026-07-17 01:12:37,868 [INFO] ========================================
2026-07-17 01:12:38,902 [INFO] <Server sockets=(<asyncio.TransportSocket fd=324, family=2, type=1, proto=6, laddr=('127.0.0.1', 11492)>,)> is serving
2026-07-17 01:12:38,902 [INFO] server listening on 127.0.0.1:11492
2026-07-17 01:12:39,076 [INFO] connection open
2026-07-17 01:12:39,865 [INFO] server closing
2026-07-17 01:12:39,885 [INFO] connection closed
2026-07-17 01:12:39,888 [INFO] server closed
2026-07-17 01:12:39,969 [INFO] <Server sockets=(<asyncio.TransportSocket fd=572, family=2, type=1, proto=6, laddr=('127.0.0.1', 11496)>,)> is serving
2026-07-17 01:12:39,969 [INFO] server listening on 127.0.0.1:11496
2026-07-17 01:12:40,018 [INFO] connection open
2026-07-17 01:12:40,262 [INFO] connection open
2026-07-17 01:12:40,515 [INFO] connection closed
2026-07-17 01:12:40,626 [INFO] connection closed
2026-07-17 01:12:40,657 [INFO] server closing
2026-07-17 01:12:40,657 [INFO] server closed
2026-07-17 01:12:40,715 [INFO] <Server sockets=(<asyncio.TransportSocket fd=616, family=2, type=1, proto=6, laddr=('127.0.0.1', 11501)>,)> is serving
2026-07-17 01:12:40,715 [INFO] server listening on 127.0.0.1:11501
2026-07-17 01:12:40,778 [INFO] connection open
2026-07-17 01:12:41,093 [INFO] connection closed
2026-07-17 01:12:41,123 [INFO] server closing
2026-07-17 01:12:41,124 [INFO] server closed
2026-07-17 01:12:41,194 [INFO] <Server sockets=(<asyncio.TransportSocket fd=684, family=2, type=1, proto=6, laddr=('127.0.0.1', 11505)>,)> is serving
2026-07-17 01:12:41,194 [INFO] server listening on 127.0.0.1:11505
2026-07-17 01:12:41,255 [INFO] connection open
2026-07-17 01:12:41,529 [INFO] connection open
2026-07-17 01:12:41,769 [INFO] connection closed
2026-07-17 01:12:41,940 [INFO] connection closed
2026-07-17 01:12:41,956 [INFO] server closing
2026-07-17 01:12:41,966 [INFO] server closed
2026-07-17 01:12:42,027 [INFO] <Server sockets=(<asyncio.TransportSocket fd=688, family=2, type=1, proto=6, laddr=('127.0.0.1', 11514)>,)> is serving
2026-07-17 01:12:42,027 [INFO] server listening on 127.0.0.1:11514
2026-07-17 01:12:42,097 [INFO] connection open
2026-07-17 01:12:42,240 [INFO] connection open
2026-07-17 01:12:42,419 [INFO] connection closed
2026-07-17 01:12:42,436 [INFO] connection open
2026-07-17 01:12:42,555 [INFO] connection closed
2026-07-17 01:12:42,595 [INFO] connection closed
2026-07-17 01:12:42,646 [INFO] connection open
2026-07-17 01:12:42,798 [INFO] server closing
2026-07-17 01:12:42,819 [INFO] connection closed
2026-07-17 01:12:42,819 [INFO] server closed
2026-07-17 01:12:42,889 [INFO] <Server sockets=(<asyncio.TransportSocket fd=836, family=2, type=1, proto=6, laddr=('127.0.0.1', 11527)>,)> is serving
2026-07-17 01:12:42,889 [INFO] server listening on 127.0.0.1:11527
2026-07-17 01:12:42,960 [INFO] connection open
2026-07-17 01:12:43,138 [INFO] server closing
2026-07-17 01:12:43,170 [INFO] connection closed
2026-07-17 01:12:43,170 [INFO] server closed
2026-07-17 01:13:12,153 [INFO] ========================================
2026-07-17 01:13:12,153 [INFO]  BRunner Native OS Host Started
2026-07-17 01:13:12,161 [INFO]  Listening on ws://localhost:8999
2026-07-17 01:13:12,161 [INFO] ========================================
2026-07-17 01:13:13,035 [INFO] <Server sockets=(<asyncio.TransportSocket fd=528, family=2, type=1, proto=6, laddr=('127.0.0.1', 11599)>,)> is serving
2026-07-17 01:13:13,035 [INFO] server listening on 127.0.0.1:11599
2026-07-17 01:13:13,104 [INFO] connection open
2026-07-17 01:13:13,674 [INFO] server closing
2026-07-17 01:13:13,685 [INFO] connection closed
2026-07-17 01:13:13,685 [INFO] server closed
2026-07-17 01:13:13,744 [INFO] <Server sockets=(<asyncio.TransportSocket fd=512, family=2, type=1, proto=6, laddr=('127.0.0.1', 11607)>,)> is serving
2026-07-17 01:13:13,744 [INFO] server listening on 127.0.0.1:11607
2026-07-17 01:13:13,784 [INFO] connection open
2026-07-17 01:13:13,934 [INFO] connection open
2026-07-17 01:13:14,189 [INFO] connection closed
2026-07-17 01:13:14,317 [INFO] connection closed
2026-07-17 01:13:14,341 [INFO] server closing
2026-07-17 01:13:14,345 [INFO] server closed
2026-07-17 01:13:14,400 [INFO] <Server sockets=(<asyncio.TransportSocket fd=364, family=2, type=1, proto=6, laddr=('127.0.0.1', 11612)>,)> is serving
2026-07-17 01:13:14,401 [INFO] server listening on 127.0.0.1:11612
2026-07-17 01:13:14,440 [INFO] connection open
2026-07-17 01:13:14,795 [INFO] connection closed
2026-07-17 01:13:14,822 [INFO] server closing
2026-07-17 01:13:14,826 [INFO] server closed
2026-07-17 01:13:14,888 [INFO] <Server sockets=(<asyncio.TransportSocket fd=476, family=2, type=1, proto=6, laddr=('127.0.0.1', 11616)>,)> is serving
2026-07-17 01:13:14,889 [INFO] server listening on 127.0.0.1:11616
2026-07-17 01:13:14,952 [INFO] connection open
2026-07-17 01:13:15,190 [INFO] connection open
2026-07-17 01:13:15,372 [INFO] connection closed
2026-07-17 01:13:15,489 [INFO] connection closed
2026-07-17 01:13:15,505 [INFO] server closing
2026-07-17 01:13:15,505 [INFO] server closed
2026-07-17 01:13:15,558 [INFO] <Server sockets=(<asyncio.TransportSocket fd=720, family=2, type=1, proto=6, laddr=('127.0.0.1', 11622)>,)> is serving
2026-07-17 01:13:15,558 [INFO] server listening on 127.0.0.1:11622
2026-07-17 01:13:15,589 [INFO] connection open
2026-07-17 01:13:15,718 [INFO] connection open
2026-07-17 01:13:15,836 [INFO] connection closed
2026-07-17 01:13:15,869 [INFO] connection open
2026-07-17 01:13:15,987 [INFO] connection closed
2026-07-17 01:13:16,021 [INFO] connection closed
2026-07-17 01:13:16,053 [INFO] connection open
2026-07-17 01:13:16,185 [INFO] server closing
2026-07-17 01:13:16,205 [INFO] connection closed
2026-07-17 01:13:16,206 [INFO] server closed
2026-07-17 01:13:16,235 [INFO] <Server sockets=(<asyncio.TransportSocket fd=316, family=2, type=1, proto=6, laddr=('127.0.0.1', 11629)>,)> is serving
2026-07-17 01:13:16,235 [INFO] server listening on 127.0.0.1:11629
2026-07-17 01:13:16,288 [INFO] connection open
2026-07-17 01:13:16,435 [INFO] server closing
2026-07-17 01:13:16,452 [INFO] connection closed
2026-07-17 01:13:16,452 [INFO] server closed
2026-07-17 01:13:40,966 [INFO] ========================================
2026-07-17 01:13:40,966 [INFO]  BRunner Native OS Host Started
2026-07-17 01:13:40,966 [INFO]  Listening on ws://localhost:8999
2026-07-17 01:13:40,966 [INFO] ========================================
2026-07-17 01:13:44,307 [INFO] [Network] New connection attempt from 127.0.0.1
2026-07-17 01:13:44,308 [INFO] [Inbound] Command: PROFILE_HELLO | Request ID: profile
2026-07-17 01:13:44,308 [INFO] [Pairing] Profile hello: connected
2026-07-17 01:13:44,311 [INFO] [Inbound] Command: v2:host.hello | Request ID: request-1
2026-07-17 01:13:44,311 [INFO] [Protocol] host.hello returned 23 capabilities
2026-07-17 01:13:44,311 [INFO] [Inbound] Command: v2:host.window | Request ID: request-2
2026-07-17 01:13:44,311 [INFO] [Fallback] host.window returned foreground-window status
2026-07-17 01:13:44,311 [INFO] [Inbound] Command: v2:host.action | Request ID: request-3
2026-07-17 01:13:44,311 [INFO] [Fallback] host.action performed: click x=None y=None confidence=None
2026-07-17 01:13:44,311 [INFO] [Inbound] Command: v2:host.visual_match | Request ID: request-4
2026-07-17 01:13:44,311 [INFO] [Fallback] host.visual_match performed: click x=None y=None confidence=None search_ms=None region=None
2026-07-17 01:13:44,342 [INFO] [Hardware] Dispatching OS keystroke: ['ctrl', 'l']
2026-07-17 01:13:44,342 [INFO] [Hardware] Keystroke executed successfully: ['ctrl', 'l']
2026-07-17 01:13:44,750 [WARNING] Executing <Task finished name='Task-13' coro=<HostTransportContractTests.test_websocket_server_applies_bounded_payload_and_queue_limits() done, defined at C:\Users\MASTER\Desktop\project\BR\tests\test_host_transport_contract.py:171> result=None created at C:\Users\MASTER\AppData\Local\Programs\Python\Python312\Lib\asyncio\runners.py:100> took 0.375 seconds
2026-07-17 01:13:44,801 [INFO] <Server sockets=(<asyncio.TransportSocket fd=692, family=2, type=1, proto=6, laddr=('127.0.0.1', 11649)>,)> is serving
2026-07-17 01:13:44,801 [INFO] server listening on 127.0.0.1:11649
2026-07-17 01:13:44,901 [INFO] connection open
2026-07-17 01:13:45,354 [INFO] server closing
2026-07-17 01:13:45,370 [INFO] connection closed
2026-07-17 01:13:45,370 [INFO] server closed
2026-07-17 01:13:45,428 [INFO] <Server sockets=(<asyncio.TransportSocket fd=692, family=2, type=1, proto=6, laddr=('127.0.0.1', 11653)>,)> is serving
2026-07-17 01:13:45,428 [INFO] server listening on 127.0.0.1:11653
2026-07-17 01:13:45,475 [INFO] connection open
2026-07-17 01:13:45,644 [INFO] connection open
2026-07-17 01:13:45,828 [INFO] connection closed
2026-07-17 01:13:45,897 [INFO] connection closed
2026-07-17 01:13:45,913 [INFO] server closing
2026-07-17 01:13:45,928 [INFO] server closed
2026-07-17 01:13:45,955 [INFO] <Server sockets=(<asyncio.TransportSocket fd=436, family=2, type=1, proto=6, laddr=('127.0.0.1', 11658)>,)> is serving
2026-07-17 01:13:45,955 [INFO] server listening on 127.0.0.1:11658
2026-07-17 01:13:45,987 [INFO] connection open
2026-07-17 01:13:46,201 [INFO] connection closed
2026-07-17 01:13:46,201 [INFO] server closing
2026-07-17 01:13:46,217 [INFO] server closed
2026-07-17 01:13:46,244 [INFO] <Server sockets=(<asyncio.TransportSocket fd=1000, family=2, type=1, proto=6, laddr=('127.0.0.1', 11662)>,)> is serving
2026-07-17 01:13:46,244 [INFO] server listening on 127.0.0.1:11662
2026-07-17 01:13:46,275 [INFO] connection open
2026-07-17 01:13:46,429 [INFO] connection open
2026-07-17 01:13:46,551 [INFO] connection closed
2026-07-17 01:13:46,629 [INFO] connection closed
2026-07-17 01:13:46,651 [INFO] server closing
2026-07-17 01:13:46,651 [INFO] server closed
2026-07-17 01:13:46,688 [INFO] <Server sockets=(<asyncio.TransportSocket fd=1148, family=2, type=1, proto=6, laddr=('127.0.0.1', 11667)>,)> is serving
2026-07-17 01:13:46,688 [INFO] server listening on 127.0.0.1:11667
2026-07-17 01:13:46,718 [INFO] connection open
2026-07-17 01:13:46,801 [INFO] connection open
2026-07-17 01:13:46,915 [INFO] connection closed
2026-07-17 01:13:46,935 [INFO] connection open
2026-07-17 01:13:47,030 [INFO] connection closed
2026-07-17 01:13:47,051 [INFO] connection closed
2026-07-17 01:13:47,083 [INFO] connection open
2026-07-17 01:13:47,168 [INFO] server closing
2026-07-17 01:13:47,183 [INFO] connection closed
2026-07-17 01:13:47,183 [INFO] server closed
2026-07-17 01:13:47,230 [INFO] <Server sockets=(<asyncio.TransportSocket fd=1088, family=2, type=1, proto=6, laddr=('127.0.0.1', 11674)>,)> is serving
2026-07-17 01:13:47,230 [INFO] server listening on 127.0.0.1:11674
2026-07-17 01:13:47,261 [INFO] connection open
2026-07-17 01:13:47,385 [INFO] server closing
2026-07-17 01:13:47,401 [INFO] connection closed
2026-07-17 01:13:47,401 [INFO] server closed
2026-07-17 01:14:46,720 [INFO] ========================================
2026-07-17 01:14:46,720 [INFO]  BRunner Native OS Host Started
2026-07-17 01:14:46,720 [INFO]  Listening on ws://localhost:8999
2026-07-17 01:14:46,720 [INFO] ========================================
2026-07-17 01:14:46,820 [INFO] <Server sockets=(<asyncio.TransportSocket fd=540, family=2, type=1, proto=6, laddr=('127.0.0.1', 11703)>,)> is serving
2026-07-17 01:14:46,820 [INFO] server listening on 127.0.0.1:11703
2026-07-17 01:14:46,873 [INFO] connection open
2026-07-17 01:14:47,234 [WARNING] Executing <Task pending name='Task-6' coro=<WebSocketServerProtocol.handler() running at C:\Users\MASTER\AppData\Local\Programs\Python\Python312\Lib\site-packages\websockets\legacy\server.py:236> wait_for=<Future pending cb=[Task.task_wakeup()] created at C:\Users\MASTER\AppData\Local\Programs\Python\Python312\Lib\asyncio\base_events.py:427> created at C:\Users\MASTER\AppData\Local\Programs\Python\Python312\Lib\site-packages\websockets\legacy\server.py:153> took 0.281 seconds
2026-07-17 01:14:47,720 [INFO] server closing
2026-07-17 01:14:47,740 [INFO] connection closed
2026-07-17 01:14:47,740 [INFO] server closed
2026-07-17 01:25:46,971 [INFO] ========================================
2026-07-17 01:25:46,971 [INFO]  BRunner Native OS Host Started
2026-07-17 01:25:46,971 [INFO]  Listening on ws://localhost:8999
2026-07-17 01:25:46,973 [INFO] ========================================
2026-07-17 01:25:47,023 [INFO] [Network] New connection attempt from 127.0.0.1
2026-07-17 01:25:47,023 [INFO] [Inbound] Command: PROFILE_HELLO | Request ID: profile
2026-07-17 01:25:47,023 [INFO] [Pairing] Profile hello: connected
2026-07-17 01:25:47,023 [INFO] [Inbound] Command: v2:host.hello | Request ID: request-1
2026-07-17 01:25:47,023 [INFO] [Protocol] host.hello returned 19 capabilities
2026-07-17 01:25:47,023 [INFO] [Inbound] Command: v2:host.window | Request ID: request-2
2026-07-17 01:25:47,023 [INFO] [Fallback] host.window returned foreground-window status
2026-07-17 01:25:47,023 [INFO] [Inbound] Command: v2:host.action | Request ID: request-3
2026-07-17 01:25:47,023 [INFO] [Fallback] host.action performed: click x=None y=None confidence=None
2026-07-17 01:25:47,023 [INFO] [Inbound] Command: v2:host.visual_match | Request ID: request-4
2026-07-17 01:25:47,023 [INFO] [Fallback] host.visual_match performed: click x=None y=None confidence=None search_ms=None region=None
2026-07-17 01:25:47,054 [INFO] [Hardware] Dispatching OS keystroke: ['ctrl', 'l']
2026-07-17 01:25:47,054 [INFO] [Hardware] Keystroke executed successfully: ['ctrl', 'l']
2026-07-17 01:25:47,213 [INFO] <Server sockets=(<asyncio.TransportSocket fd=648, family=2, type=1, proto=6, laddr=('127.0.0.1', 12060)>,)> is serving
2026-07-17 01:25:47,213 [INFO] server listening on 127.0.0.1:12060
2026-07-17 01:25:47,255 [INFO] connection open
2026-07-17 01:25:47,573 [WARNING] Executing <Task pending name='Task-22' coro=<WebSocketServerProtocol.handler() running at C:\Users\MASTER\AppData\Local\Programs\Python\Python312\Lib\site-packages\websockets\legacy\server.py:236> wait_for=<Future pending cb=[Task.task_wakeup()] created at C:\Users\MASTER\AppData\Local\Programs\Python\Python312\Lib\asyncio\base_events.py:427> created at C:\Users\MASTER\AppData\Local\Programs\Python\Python312\Lib\site-packages\websockets\legacy\server.py:153> took 0.250 seconds
2026-07-17 01:25:47,937 [INFO] server closing
2026-07-17 01:25:47,940 [INFO] connection closed
2026-07-17 01:25:47,940 [INFO] server closed
2026-07-17 01:25:47,983 [INFO] <Server sockets=(<asyncio.TransportSocket fd=692, family=2, type=1, proto=6, laddr=('127.0.0.1', 12064)>,)> is serving
2026-07-17 01:25:47,983 [INFO] server listening on 127.0.0.1:12064
2026-07-17 01:25:48,023 [INFO] connection open
2026-07-17 01:25:48,183 [INFO] connection open
2026-07-17 01:25:48,383 [INFO] connection closed
2026-07-17 01:25:48,483 [INFO] connection closed
2026-07-17 01:25:48,499 [INFO] server closing
2026-07-17 01:25:48,514 [INFO] server closed
2026-07-17 01:25:48,554 [INFO] <Server sockets=(<asyncio.TransportSocket fd=740, family=2, type=1, proto=6, laddr=('127.0.0.1', 12069)>,)> is serving
2026-07-17 01:25:48,554 [INFO] server listening on 127.0.0.1:12069
2026-07-17 01:25:48,606 [INFO] connection open
2026-07-17 01:25:48,899 [INFO] connection closed
2026-07-17 01:25:48,922 [INFO] server closing
2026-07-17 01:25:48,922 [INFO] server closed
2026-07-17 01:25:48,990 [INFO] <Server sockets=(<asyncio.TransportSocket fd=416, family=2, type=1, proto=6, laddr=('127.0.0.1', 12073)>,)> is serving
2026-07-17 01:25:48,990 [INFO] server listening on 127.0.0.1:12073
2026-07-17 01:25:49,038 [INFO] connection open
2026-07-17 01:25:49,240 [INFO] connection open
2026-07-17 01:25:49,442 [INFO] connection closed
2026-07-17 01:25:49,523 [INFO] connection closed
2026-07-17 01:25:49,555 [INFO] server closing
2026-07-17 01:25:49,555 [INFO] server closed
2026-07-17 01:25:49,630 [INFO] <Server sockets=(<asyncio.TransportSocket fd=788, family=2, type=1, proto=6, laddr=('127.0.0.1', 12078)>,)> is serving
2026-07-17 01:25:49,630 [INFO] server listening on 127.0.0.1:12078
2026-07-17 01:25:49,684 [INFO] connection open
2026-07-17 01:25:49,799 [INFO] connection open
2026-07-17 01:25:49,922 [INFO] connection closed
2026-07-17 01:25:49,940 [INFO] connection open
2026-07-17 01:25:50,031 [INFO] connection closed
2026-07-17 01:25:50,055 [INFO] connection closed
2026-07-17 01:25:50,099 [INFO] connection open
2026-07-17 01:25:50,199 [INFO] server closing
2026-07-17 01:25:50,199 [INFO] connection closed
2026-07-17 01:25:50,215 [INFO] server closed
2026-07-17 01:25:50,246 [INFO] <Server sockets=(<asyncio.TransportSocket fd=732, family=2, type=1, proto=6, laddr=('127.0.0.1', 12085)>,)> is serving
2026-07-17 01:25:50,246 [INFO] server listening on 127.0.0.1:12085
2026-07-17 01:25:50,297 [INFO] connection open
2026-07-17 01:25:50,411 [INFO] server closing
2026-07-17 01:25:50,424 [INFO] connection closed
2026-07-17 01:25:50,424 [INFO] server closed
2026-07-17 01:30:19,045 [INFO] ========================================
2026-07-17 01:30:19,047 [INFO]  BRunner Native OS Host Started
2026-07-17 01:30:19,047 [INFO]  Listening on ws://localhost:8999
2026-07-17 01:30:19,047 [INFO] ========================================
2026-07-17 01:34:29,135 [INFO] ========================================
2026-07-17 01:34:29,135 [INFO]  BRunner Native OS Host Started
2026-07-17 01:34:29,135 [INFO]  Listening on ws://localhost:8999
2026-07-17 01:34:29,135 [INFO] ========================================
2026-07-17 01:34:31,710 [INFO] [Network] New connection attempt from 127.0.0.1
2026-07-17 01:34:31,710 [INFO] [Inbound] Command: PROFILE_HELLO | Request ID: profile
2026-07-17 01:34:31,711 [INFO] [Pairing] Profile hello: connected
2026-07-17 01:34:31,715 [INFO] [Inbound] Command: v2:host.hello | Request ID: request-1
2026-07-17 01:34:31,716 [INFO] [Protocol] host.hello returned 19 capabilities
2026-07-17 01:34:31,716 [INFO] [Inbound] Command: v2:host.window | Request ID: request-2
2026-07-17 01:34:31,717 [INFO] [Fallback] host.window returned foreground-window status
2026-07-17 01:34:31,717 [INFO] [Inbound] Command: v2:host.action | Request ID: request-3
2026-07-17 01:34:31,718 [INFO] [Fallback] host.action performed: click x=None y=None confidence=None
2026-07-17 01:34:31,718 [INFO] [Inbound] Command: v2:host.visual_match | Request ID: request-4
2026-07-17 01:34:31,719 [INFO] [Fallback] host.visual_match performed: click x=None y=None confidence=None search_ms=None region=None
2026-07-17 01:34:31,753 [INFO] [Hardware] Dispatching OS keystroke: ['ctrl', 'l']
2026-07-17 01:34:31,754 [INFO] [Hardware] Keystroke executed successfully: ['ctrl', 'l']
2026-07-17 01:34:31,883 [WARNING] Executing <Task finished name='Task-13' coro=<HostTransportContractTests.test_websocket_server_applies_bounded_payload_and_queue_limits() done, defined at C:\Users\MASTER\Desktop\project\BR\tests\test_host_transport_contract.py:175> result=None created at C:\Users\MASTER\AppData\Local\Programs\Python\Python312\Lib\asyncio\runners.py:100> took 0.110 seconds
2026-07-17 01:34:31,935 [INFO] <Server sockets=(<asyncio.TransportSocket fd=964, family=2, type=1, proto=6, laddr=('127.0.0.1', 12311)>,)> is serving
2026-07-17 01:34:31,935 [INFO] server listening on 127.0.0.1:12311
2026-07-17 01:34:32,001 [INFO] connection open
2026-07-17 01:34:32,547 [INFO] server closing
2026-07-17 01:34:32,568 [INFO] connection closed
2026-07-17 01:34:32,568 [INFO] server closed
2026-07-17 01:34:32,634 [INFO] <Server sockets=(<asyncio.TransportSocket fd=892, family=2, type=1, proto=6, laddr=('127.0.0.1', 12315)>,)> is serving
2026-07-17 01:34:32,635 [INFO] server listening on 127.0.0.1:12315
2026-07-17 01:34:32,668 [INFO] connection open
2026-07-17 01:34:32,836 [INFO] connection open
2026-07-17 01:34:33,045 [INFO] connection closed
2026-07-17 01:34:33,149 [INFO] connection closed
2026-07-17 01:34:33,175 [INFO] server closing
2026-07-17 01:34:33,175 [INFO] server closed
2026-07-17 01:34:33,256 [INFO] <Server sockets=(<asyncio.TransportSocket fd=1008, family=2, type=1, proto=6, laddr=('127.0.0.1', 12320)>,)> is serving
2026-07-17 01:34:33,256 [INFO] server listening on 127.0.0.1:12320
2026-07-17 01:34:33,301 [INFO] connection open
2026-07-17 01:34:33,623 [INFO] connection closed
2026-07-17 01:34:33,635 [INFO] server closing
2026-07-17 01:34:33,635 [INFO] server closed
2026-07-17 01:34:33,688 [INFO] <Server sockets=(<asyncio.TransportSocket fd=952, family=2, type=1, proto=6, laddr=('127.0.0.1', 12324)>,)> is serving
2026-07-17 01:34:33,689 [INFO] server listening on 127.0.0.1:12324
2026-07-17 01:34:33,734 [INFO] connection open
2026-07-17 01:34:33,951 [INFO] connection open
2026-07-17 01:34:34,134 [INFO] connection closed
2026-07-17 01:34:34,250 [INFO] connection closed
2026-07-17 01:34:34,288 [INFO] server closing
2026-07-17 01:34:34,292 [INFO] server closed
2026-07-17 01:34:34,362 [INFO] <Server sockets=(<asyncio.TransportSocket fd=960, family=2, type=1, proto=6, laddr=('127.0.0.1', 12330)>,)> is serving
2026-07-17 01:34:34,363 [INFO] server listening on 127.0.0.1:12330
2026-07-17 01:34:34,424 [INFO] connection open
2026-07-17 01:34:34,619 [INFO] connection open
2026-07-17 01:34:34,896 [INFO] connection closed
2026-07-17 01:34:34,957 [INFO] connection open
2026-07-17 01:34:35,121 [INFO] connection closed
2026-07-17 01:34:35,202 [INFO] connection closed
2026-07-17 01:34:35,263 [INFO] connection open
2026-07-17 01:34:35,426 [INFO] server closing
2026-07-17 01:34:35,454 [INFO] connection closed
2026-07-17 01:34:35,456 [INFO] server closed
2026-07-17 01:34:35,537 [INFO] <Server sockets=(<asyncio.TransportSocket fd=1112, family=2, type=1, proto=6, laddr=('127.0.0.1', 12337)>,)> is serving
2026-07-17 01:34:35,537 [INFO] server listening on 127.0.0.1:12337
2026-07-17 01:34:35,598 [INFO] connection open
2026-07-17 01:34:35,905 [INFO] server closing
2026-07-17 01:34:35,923 [INFO] connection closed
2026-07-17 01:34:35,923 [INFO] server closed
2026-07-17 02:06:50,718 [INFO] ========================================
2026-07-17 02:06:50,734 [INFO]  BRunner Native OS Host Started
2026-07-17 02:06:50,734 [INFO]  Listening on ws://localhost:8999
2026-07-17 02:06:50,734 [INFO] ========================================
2026-07-17 02:06:53,218 [INFO] [Network] New connection attempt from 127.0.0.1
2026-07-17 02:06:53,218 [INFO] [Inbound] Command: PROFILE_HELLO | Request ID: profile
2026-07-17 02:06:53,218 [INFO] [Pairing] Profile hello: connected
2026-07-17 02:06:53,218 [INFO] [Inbound] Command: v2:host.hello | Request ID: request-1
2026-07-17 02:06:53,218 [INFO] [Protocol] host.hello returned 19 capabilities
2026-07-17 02:06:53,218 [INFO] [Inbound] Command: v2:host.window | Request ID: request-2
2026-07-17 02:06:53,218 [INFO] [Fallback] host.window returned foreground-window status
2026-07-17 02:06:53,218 [INFO] [Inbound] Command: v2:host.action | Request ID: request-3
2026-07-17 02:06:53,218 [INFO] [Fallback] host.action performed: click x=None y=None confidence=None
2026-07-17 02:06:53,218 [INFO] [Inbound] Command: v2:host.visual_match | Request ID: request-4
2026-07-17 02:06:53,218 [INFO] [Fallback] host.visual_match performed: click x=None y=None confidence=None search_ms=None region=None
2026-07-17 02:06:53,257 [INFO] [Hardware] Dispatching OS keystroke: ['ctrl', 'l']
2026-07-17 02:06:53,257 [INFO] [Hardware] Keystroke executed successfully: ['ctrl', 'l']
2026-07-17 02:06:53,401 [WARNING] Executing <Task finished name='Task-13' coro=<HostTransportContractTests.test_websocket_server_applies_bounded_payload_and_queue_limits() done, defined at C:\Users\MASTER\Desktop\project\BR\tests\test_host_transport_contract.py:175> result=None created at C:\Users\MASTER\AppData\Local\Programs\Python\Python312\Lib\asyncio\runners.py:100> took 0.125 seconds
2026-07-17 02:06:53,451 [INFO] <Server sockets=(<asyncio.TransportSocket fd=956, family=2, type=1, proto=6, laddr=('127.0.0.1', 13169)>,)> is serving
2026-07-17 02:06:53,451 [INFO] server listening on 127.0.0.1:13169
2026-07-17 02:06:53,518 [INFO] connection open
2026-07-17 02:06:53,909 [INFO] server closing
2026-07-17 02:06:53,918 [INFO] connection closed
2026-07-17 02:06:53,918 [INFO] server closed
2026-07-17 02:06:53,968 [INFO] <Server sockets=(<asyncio.TransportSocket fd=900, family=2, type=1, proto=6, laddr=('127.0.0.1', 13173)>,)> is serving
2026-07-17 02:06:53,968 [INFO] server listening on 127.0.0.1:13173
2026-07-17 02:06:54,001 [INFO] connection open
2026-07-17 02:06:54,135 [INFO] connection open
2026-07-17 02:06:54,354 [INFO] connection closed
2026-07-17 02:06:54,451 [INFO] connection closed
2026-07-17 02:06:54,468 [INFO] server closing
2026-07-17 02:06:54,468 [INFO] server closed
2026-07-17 02:06:54,535 [INFO] <Server sockets=(<asyncio.TransportSocket fd=1060, family=2, type=1, proto=6, laddr=('127.0.0.1', 13178)>,)> is serving
2026-07-17 02:06:54,535 [INFO] server listening on 127.0.0.1:13178
2026-07-17 02:06:54,585 [INFO] connection open
2026-07-17 02:06:54,801 [INFO] connection closed
2026-07-17 02:06:54,818 [INFO] server closing
2026-07-17 02:06:54,818 [INFO] server closed
2026-07-17 02:06:54,873 [INFO] <Server sockets=(<asyncio.TransportSocket fd=1116, family=2, type=1, proto=6, laddr=('127.0.0.1', 13182)>,)> is serving
2026-07-17 02:06:54,873 [INFO] server listening on 127.0.0.1:13182
2026-07-17 02:06:54,909 [INFO] connection open
2026-07-17 02:06:55,120 [INFO] connection open
2026-07-17 02:06:55,285 [INFO] connection closed
2026-07-17 02:06:55,410 [INFO] connection closed
2026-07-17 02:06:55,418 [INFO] server closing
2026-07-17 02:06:55,434 [INFO] server closed
2026-07-17 02:06:55,468 [INFO] <Server sockets=(<asyncio.TransportSocket fd=932, family=2, type=1, proto=6, laddr=('127.0.0.1', 13189)>,)> is serving
2026-07-17 02:06:55,468 [INFO] server listening on 127.0.0.1:13189
2026-07-17 02:06:55,510 [INFO] connection open
2026-07-17 02:06:55,618 [INFO] connection open
2026-07-17 02:06:55,752 [INFO] connection closed
2026-07-17 02:06:55,768 [INFO] connection open
2026-07-17 02:06:55,885 [INFO] connection closed
2026-07-17 02:06:55,918 [INFO] connection closed
2026-07-17 02:06:55,951 [INFO] connection open
2026-07-17 02:06:56,051 [INFO] server closing
2026-07-17 02:06:56,051 [INFO] connection closed
2026-07-17 02:06:56,067 [INFO] server closed
2026-07-17 02:06:56,110 [INFO] <Server sockets=(<asyncio.TransportSocket fd=912, family=2, type=1, proto=6, laddr=('127.0.0.1', 13196)>,)> is serving
2026-07-17 02:06:56,110 [INFO] server listening on 127.0.0.1:13196
2026-07-17 02:06:56,150 [INFO] connection open
2026-07-17 02:06:56,268 [INFO] server closing
2026-07-17 02:06:56,284 [INFO] connection closed
2026-07-17 02:06:56,284 [INFO] server closed
